// Jest Snapshot v1, https://goo.gl/fbAQLP

exports[`Gates home - get all Gates snapshot test 1`] = `
<RCTScrollView
  ListFooterComponent={[Function]}
  data={[]}
  getItem={[Function]}
  getItemCount={[Function]}
  keyExtractor={[Function]}
  onContentSizeChange={[Function]}
  onEndReached={[Function]}
  onEndReachedThreshold={0.5}
  onLayout={[Function]}
  onMomentumScrollBegin={[Function]}
  onMomentumScrollEnd={[Function]}
  onScroll={[Function]}
  onScrollBeginDrag={[Function]}
  onScrollEndDrag={[Function]}
  removeClippedSubviews={false}
  renderItem={[Function]}
  scrollEventThrottle={0.0001}
  stickyHeaderIndices={[]}
  viewabilityConfigCallbackPairs={[]}
>
  <View>
    <View
      onLayout={[Function]}
    >
      <ActivityIndicator
        color="#4D869C"
        size="large"
      />
    </View>
  </View>
</RCTScrollView>
`;
